// Jest Snapshot v1, https://goo.gl/fbAQLP

exports[`TheDate Component renders the UI as expected 1`] = `
<div>
  12/24/2020, 7:54:35 PM
</div>
`;
